
> nurax_inventario@0.0.0 build
> vue-tsc -b && vite build

src/components/layout/DashboardLayout.vue(527,3): error TS6133: 'ComputerDesktopIcon' is declared but its value is never read.
src/views/AccountsReceivable.vue(123,8): error TS2345: Argument of type '{ style: {}; currentPage: number; totalItems: number; pageSize: number; onPageChange: any; }' is not assignable to parameter of type '{ readonly currentPage: number; readonly pageSize: number; readonly total: number; readonly pageSizes?: number[] | undefined; readonly "onUpdate:currentPage"?: ((page: number) => any) | undefined; readonly "onUpdate:pageSize"?: ((size: number) => any) | undefined; } & VNodeProps & AllowedComponentProps & ComponentCu...'.
  Property 'total' is missing in type '{ style: {}; currentPage: number; totalItems: number; pageSize: number; onPageChange: any; }' but required in type '{ readonly currentPage: number; readonly pageSize: number; readonly total: number; readonly pageSizes?: number[] | undefined; readonly "onUpdate:currentPage"?: ((page: number) => any) | undefined; readonly "onUpdate:pageSize"?: ((size: number) => any) | undefined; }'.
src/views/AccountsReceivable.vue(190,30): error TS6133: 'Sale' is declared but its value is never read.
src/views/AccountsReceivable.vue(199,22): error TS7016: Could not find a declaration file for module 'lodash/debounce'. 'C:/Users/Usuario/Documents/Applications/Nurax_Project/Nurax_Inventario/node_modules/lodash/debounce.js' implicitly has an 'any' type.
  Try `npm i --save-dev @types/lodash` if it exists or add a new declaration (.d.ts) file containing `declare module 'lodash/debounce';`
src/views/AccountsReceivable.vue(226,30): error TS7006: Parameter 'newQ' implicitly has an 'any' type.
src/views/AccountsReceivable.vue(240,5): error TS2769: No overload matches this call.
  Overload 1 of 2, '(locales?: LocalesArgument, options?: DateTimeFormatOptions | undefined): DateTimeFormat', gave the following error.
    Object literal may only specify known properties, and 'additions' does not exist in type 'DateTimeFormatOptions'.
  Overload 2 of 2, '(locales?: string | string[] | undefined, options?: DateTimeFormatOptions | undefined): DateTimeFormat', gave the following error.
    Object literal may only specify known properties, and 'additions' does not exist in type 'DateTimeFormatOptions'.
