
> nurax_inventario@0.0.0 build
> vue-tsc -b && vite build

src/components/AddProductModal.vue(214,37): error TS6133: 'ArrowPathIcon' is declared but its value is never read.
src/components/dashboard/ProductTable.vue(89,30): error TS6133: 'index' is declared but its value is never read.
src/components/dashboard/ProductTable.vue(326,23): error TS6133: 'e' is declared but its value is never read.
src/components/layout/DashboardLayout.vue(386,3): error TS6133: 'KeyIcon' is declared but its value is never read.
src/components/modals/QuickSellModal.vue(51,22): error TS2345: Argument of type '{ items: { name: string; quantity: number; }[]; total: number; }' is not assignable to parameter of type '{ transaction_id: string; items: any[]; total: string | number; user: number; status: string; }'.
  Type '{ items: { name: string; quantity: number; }[]; total: number; }' is missing the following properties from type '{ transaction_id: string; items: any[]; total: string | number; user: number; status: string; }': transaction_id, user, status
src/components/ui/Pagination.vue(110,7): error TS6133: 'startItem' is declared but its value is never read.
src/components/ui/Pagination.vue(112,7): error TS6133: 'endItem' is declared but its value is never read.
src/views/Inventory.vue(95,12): error TS2322: Type '{ id: string | number; name: string; category: string | number; category_name?: string | undefined; supplier?: string | number | null | undefined; sku: string; stock: number; price: string | number; ... 4 more ...; updated_at?: string | undefined; }[]' is not assignable to type 'Product[]'.
  Type '{ id: string | number; name: string; category: string | number; category_name?: string | undefined; supplier?: string | number | null | undefined; sku: string; stock: number; price: string | number; ... 4 more ...; updated_at?: string | undefined; }' is not assignable to type 'Product'.
    Types of property 'id' are incompatible.
      Type 'string | number' is not assignable to type 'string'.
        Type 'number' is not assignable to type 'string'.
src/views/Inventory.vue(364,76): error TS2345: Argument of type 'string | number' is not assignable to parameter of type 'string'.
  Type 'number' is not assignable to type 'string'.
src/views/Login.vue(210,7): error TS6133: 'rememberMe' is declared but its value is never read.
src/views/Products.vue(344,8): error TS2345: Argument of type '{ isOpen: boolean; cart: { id: string; name: string; price: number; quantity: number; }[]; total: number; onClose: any; }' is not assignable to parameter of type '{ readonly isOpen: boolean; readonly cart: CartItem[]; readonly total: number; readonly saleId: string | number; readonly onRevert?: ((saleId: string | number, cart: CartItem[]) => any) | undefined; readonly onClose?: (() => any) | undefined; } & VNodeProps & AllowedComponentProps & ComponentCustomProps & Record<...>'.
  Property 'saleId' is missing in type '{ isOpen: boolean; cart: { id: string; name: string; price: number; quantity: number; }[]; total: number; onClose: any; }' but required in type '{ readonly isOpen: boolean; readonly cart: CartItem[]; readonly total: number; readonly saleId: string | number; readonly onRevert?: ((saleId: string | number, cart: CartItem[]) => any) | undefined; readonly onClose?: (() => any) | undefined; }'.
src/views/SalesHistory.vue(16,21): error TS2339: Property 'formatCurrency' does not exist on type '{ DashboardLayout: __VLS_WithSlots<DefineComponent<{}, {}, {}, {}, {}, ComponentOptionsMixin, ComponentOptionsMixin, { quickSell: (...args: any[]) => void; }, ... 11 more ..., any>, { ...; }>; ... 42 more ...; $router: Router; }'.
src/views/SalesHistory.vue(18,20): error TS2339: Property 'CurrencyDollarIcon' does not exist on type '{ DashboardLayout: __VLS_WithSlots<DefineComponent<{}, {}, {}, {}, {}, ComponentOptionsMixin, ComponentOptionsMixin, { quickSell: (...args: any[]) => void; }, ... 11 more ..., any>, { ...; }>; ... 42 more ...; $router: Router; }'.
