src/views/LoginSimple.vue(66,25): error TS2345: Argument of type 'string | undefined' is not assignable to parameter of type 'string'.
  Type 'undefined' is not assignable to type 'string'.
src/views/Products.vue(332,10): error TS2322: Type 'Product[]' is not assignable to type 'import("C:/Users/uzieltzab/Documents/Software_dev/vue/nurax_inventario/src/stores/product.store").Product[]'.
  Type 'Product' is missing the following properties from type 'Product': id, stock
src/views/Products.vue(334,10): error TS2322: Type '(product: Product) => void' is not assignable to type '(product: Product) => any'.
  Types of parameters 'product' and 'product' are incompatible.
    Type 'Product' is missing the following properties from type 'Product': quantity, supplier, status, barcode, and 2 more.
src/views/Products.vue(335,10): error TS2322: Type '(product: Product) => void' is not assignable to type '(product: Product) => any'.
  Types of parameters 'product' and 'product' are incompatible.
    Type 'Product' is missing the following properties from type 'Product': quantity, supplier, status, barcode, and 2 more.
src/views/SalesHistory.vue(57,17): error TS2322: Type '{ responsive: boolean; maintainAspectRatio: boolean; plugins: { legend: { display: boolean; }; tooltip: { backgroundColor: string; titleColor: string; bodyColor: string; padding: number; cornerRadius: number; displayColors: boolean; callbacks: { ...; }; }; }; scales: { ...; }; }' is not assignable to type '_DeepPartialObject<CoreChartOptions<"line"> & ElementChartOptions<"line"> & PluginChartOptions<"line"> & DatasetChartOptions<"line"> & ScaleChartOptions<...> & LineControllerChartOptions>'.
  Types of property 'scales' are incompatible.
    Type '{ y: { title: { display: boolean; text: string; color: string; font: { weight: string; }; }; beginAtZero: boolean; grid: { color: string; }; ticks: { callback: (value: any) => string; color: string; font: { size: number; }; }; border: { ...; }; }; x: { ...; }; }' is not assignable to type '_DeepPartialObject<{ [key: string]: ScaleOptionsByType<keyof CartesianScaleTypeRegistry>; }>'.
      Property 'y' is incompatible with index signature.
        Type '{ title: { display: boolean; text: string; color: string; font: { weight: string; }; }; beginAtZero: boolean; grid: { color: string; }; ticks: { callback: (value: any) => string; color: string; font: { size: number; }; }; border: { ...; }; }' is not assignable to type '_DeepPartialObject<{ type: "time"; } & Omit<CartesianScaleOptions, "min" | "max"> & { min: string | number; max: string | number; suggestedMin: string | number; ... 5 more ...; ticks: TimeScaleTickOptions; }> | ... 4 more ... | undefined'.
          Type '{ title: { display: boolean; text: string; color: string; font: { weight: string; }; }; beginAtZero: boolean; grid: { color: string; }; ticks: { callback: (value: any) => string; color: string; font: { size: number; }; }; border: { ...; }; }' is not assignable to type '_DeepPartialObject<{ type: "linear"; } & CartesianScaleOptions & { beginAtZero: boolean; suggestedMin?: number | undefined; suggestedMax?: number | undefined; grace?: string | number | undefined; ticks: { ...; }; }>'.
            The types of 'title.font' are incompatible between these types.
              Type '{ weight: string; }' is not assignable to type '((ctx: ScriptableCartesianScaleContext, options: AnyObject) => Partial<FontSpec> | undefined) | _DeepPartialObject<Partial<FontSpec>> | _DeepPartialObject<...> | undefined'.
                Type '{ weight: string; }' is not assignable to type '_DeepPartialObject<ScriptableOptions<Partial<FontSpec>, ScriptableCartesianScaleContext>>'.
                  Types of property 'weight' are incompatible.
                    Type 'string' is not assignable to type 'number | "bold" | "normal" | "lighter" | "bolder" | ((ctx: ScriptableCartesianScaleContext, options: AnyObject) => number | "bold" | ... 4 more ... | undefined) | null | undefined'.
